[www.bancopichincha.com.co/web/personas.html]
[backblue.gif]
[fade.gif]
[index.html]
[www.bancopichincha.com.co/web/corporativo/area-clientes.html]
[www.bancopichincha.com.co/web/personas/inicio.html]
[www.bancopichincha.com.co/web/empresas/inicio.html]
[www.bancopichincha.com.co/web/personas/cdt.html]
[www.bancopichincha.com.co/web/personas/paga-tu-tarjeta-de-credito.html]
[www.bancopichincha.com.co/web/corporativo/preguntas-frecuentes-tarjetas-de-crédito.html]
[www.bancopichincha.com.co/web/personas/credito-de-libranza.html]
[www.bancopichincha.com.co/web/personas/terminos-y-condiciones.html]
[www.bancopichincha.com.co/web/personas/banca-virtual-aplicacion-movil.html]
[www.bancopichincha.com.co/web/personas/pse-pichincha.html]
[www.bancopichincha.com.co/web/corporativo/hazte-cliente-banco-pichincha.html]
[www.bancopichincha.com.co/web/corporativo/contactanos.html]
[www.bancopichincha.com.co/web/corporativo/solicitud-de-producto.html]
[www.bancopichincha.com.co/web/corporativo/disponibilidad-de-canales.html]
[www.bancopichincha.com.co/web/personas/pago-credito-personal.html]
[www.bancopichincha.com.co/web/corporativo/red-de-oficinas.html]
[www.bancopichincha.com.co/web/empresas/cuenta-de-ahorros.html]
[www.bancopichincha.com.co/web/empresas/rendimetas.html]
[www.bancopichincha.com.co/web/empresas/cdt.html]
[www.bancopichincha.com.co/web/empresas/credito-de-tesoreria.html]
[www.bancopichincha.com.co/web/empresas/credito-cartera-ordinaria.html]
[www.bancopichincha.com.co/web/empresas/credito-de-cesantias.html]
[www.bancopichincha.com.co/web/empresas/banca-virtual-aplicacion-movil.html]
[www.bancopichincha.com.co/web/empresas/portal-pagos.html]
[www.bancopichincha.com.co/web/empresas/comercio-exterior.html]
[www.bancopichincha.com.co/web/corporativo/subsidio-incentivo-generacion-nuevos-empleos.html]
[www.bancopichincha.com.co/web/corporativo/quienes-somos.html]
[www.bancopichincha.com.co/web/corporativo/informacion-financiera.html]
[www.bancopichincha.com.co/web/corporativo/atencion-inversionistas-y-accionistas.html]
[www.bancopichincha.com.co/web/corporativo/sostenibilidad.html]
[www.bancopichincha.com.co/web/corporativo/linea-etica.html]
[www.bancopichincha.com.co/web/corporativo/transparencia.html]
[www.bancopichincha.com.co/web/corporativo/tasas-y-tarifas.html]
[www.bancopichincha.com.co/web/corporativo/educacion-financiera.html]
[www.bancopichincha.com.co/web/corporativo/defensor-del-consumidor-financiero.html]
[www.bancopichincha.com.co/web/corporativo/normalizacion-y-cobranza.html]
[www.bancopichincha.com.co/web/corporativo/preguntas-frecuentes.html]
[www.bancopichincha.com.co/web/corporativo/garantias-bancarias-emitidas.html]
[www.bancopichincha.com.co/web/corporativo/preguntas-frecuentes-empresas.html]
[www.bancopichincha.com.co/web/corporativo/mapa-del-sitio.html]
[www.bancopichincha.com.co/web/corporativo/términos-y-condiciones.html]
[www.bancopichincha.com.co/web/corporativo/aviso-de-privacidad.html]
[www.bancopichincha.com.co/web/personas.html]
[www.bancopichincha.com.co/web/corporativo/area-clientes.html]
[www.bancopichincha.com.co/web/corporativo/frontend/login/index.html]
[www.bancopichincha.com.co/web/personas/inicio.html]
[www.bancopichincha.com.co/web/empresas.html]
[www.bancopichincha.com.co/web/corporativo/area-clientesceab.html]
[www.bancopichincha.com.co/web/empresas/inicio.html]
[www.bancopichincha.com.co/web/personas/informacion-cdt-desmaterializado-y-fisico.html]
[www.bancopichincha.com.co/web/corporativo/banco-pichincha-hazte-cliente298c.html]
[www.bancopichincha.com.co/web/personas/pago-tarjeta-de-credito]
[www.bancopichincha.com.co/web/personas/cdt.html]
[www.bancopichincha.com.co/web/personas/paga-tu-tarjeta-de-credito.html]
[www.bancopichincha.com.co/web/corporativo/aceptacion-de-terminos-y-condiciones.html]
[www.bancopichincha.com.co/web/corporativo/preguntas-frecuentes-tarjetas-de-crédito.html]
[www.bancopichincha.com.co/web/personas/seguro-de-vida-deudor.html]
[www.bancopichincha.com.co/web/personas/credito-de-libranza.html]
[www.bancopichincha.com.co/web/personas/terminos-y-condiciones.html]
[www.bancopichincha.com.co/web/personas/banca-virtual-aplicacion-movil.html]
[www.bancopichincha.com.co/web/personas/pse-pichincha.html]
[www.bancopichincha.com.co/web/corporativo/hazte-cliente-banco-pichincha.html]
[www.bancopichincha.com.co/web/corporativo/contactanos.html]
[www.bancopichincha.com.co/web/corporativo/solicitud-de-producto.html]
[www.bancopichincha.com.co/web/corporativo/disponibilidad-de-canales.html]
[www.bancopichincha.com.co/web/personas/pago-credito-personal.html]
[www.bancopichincha.com.co/web/corporativo/red-de-oficinas.html]
[www.bancopichincha.com.co/web/empresas/cuenta-de-ahorros.html]
[www.bancopichincha.com.co/web/empresas/rendimetas.html]
[www.bancopichincha.com.co/web/empresas/cdt.html]
[www.bancopichincha.com.co/web/empresas/credito-de-tesoreria.html]
[www.bancopichincha.com.co/web/empresas/credito-cartera-ordinaria.html]
[www.bancopichincha.com.co/web/empresas/credito-de-cesantias.html]
[www.bancopichincha.com.co/web/empresas/banca-virtual-aplicacion-movil.html]
[www.bancopichincha.com.co/web/personas/voluntarios-seguros.html]
[www.bancopichincha.com.co/web/empresas/portal-pagos.html]
[www.bancopichincha.com.co/web/empresas/comercio-exterior.html]
[www.bancopichincha.com.co/web/corporativo/solicitud-de-producto90cc.html]
[www.bancopichincha.com.co/web/corporativo/programas-del-gobierno.html]
[www.bancopichincha.com.co/web/corporativo/subsidio-incentivo-generacion-nuevos-empleos.html]
[www.bancopichincha.com.co/web/corporativo/quienes-somos.html]
[www.bancopichincha.com.co/web/corporativo/informacion-financiera.html]
[www.bancopichincha.com.co/web/corporativo/atencion-inversionistas-y-accionistas.html]
[www.bancopichincha.com.co/web/corporativo/sostenibilidad.html]
[www.bancopichincha.com.co/web/corporativo/linea-etica.html]
[www.bancopichincha.com.co/web/corporativo/linea-etica5d3e.html]
[www.bancopichincha.com.co/web/corporativo/preguntas-frecuentes-paef.html]
[www.bancopichincha.com.co/web/corporativo/preguntas-frecuentes-aeap.html]
[www.bancopichincha.com.co/web/corporativo/transparencia.html]
[www.bancopichincha.com.co/web/corporativo/tasas-y-tarifas.html]
[www.bancopichincha.com.co/web/personas/ley-habeas-data.html]
[www.bancopichincha.com.co/web/corporativo/educacion-financiera.html]
[www.bancopichincha.com.co/web/corporativo/defensor-del-consumidor-financiero.html]
[www.bancopichincha.com.co/web/corporativo/normalizacion-y-cobranza.html]
[www.bancopichincha.com.co/web/personas/adquirencia.html]
[www.bancopichincha.com.co/web/corporativo/preguntas-frecuentes.html]
[www.bancopichincha.com.co/web/corporativo/garantias-bancarias-emitidas.html]
[www.bancopichincha.com.co/web/personas/polizas-colectivas-autos-deudor.html]
[www.bancopichincha.com.co/web/corporativo/preguntas-frecuentes-empresas.html]
[www.bancopichincha.com.co/web/corporativo/mapa-del-sitio.html]
[www.bancopichincha.com.co/web/corporativo/términos-y-condiciones.html]
[www.bancopichincha.com.co/web/corporativo/aviso-de-privacidad.html]
[www.bancopichincha.com.co/web/corporativo/frontend/login/index.html]
[www.bancopichincha.com.co/web/empresas.html]
[www.bancopichincha.com.co/web/corporativo/area-clientes7ee9.html]
[www.bancopichincha.com.co/web/corporativo/area-clientesceab.html]
[www.bancopichincha.com.co/web/personas/informacion-cdt-desmaterializado-y-fisico.html]
[www.bancopichincha.com.co/web/corporativo/banco-pichincha-hazte-cliente.html]
[www.bancopichincha.com.co/web/corporativo/banco-pichincha-hazte-cliente09b7.html]
[www.bancopichincha.com.co/web/corporativo/banco-pichincha-hazte-cliente298c.html]
[www.bancopichincha.com.co/web/personas/pago-tarjeta-de-credito.html]
[www.bancopichincha.com.co/web/corporativo/aceptacion-de-terminos-y-condiciones.html]
[www.bancopichincha.com.co/web/corporativo.html]
[www.bancopichincha.com.co/web/personas/beneficio-tarjetas-visa.html]
[www.bancopichincha.com.co/web/personas/seguro-de-vida-deudor.html]
[www.bancopichincha.com.co/web/personas/voluntarios-seguros.html]
[www.bancopichincha.com.co/web/corporativo/banco-pichincha-hazte-clientee540.html]
[www.bancopichincha.com.co/web/corporativo/solicitud-de-productof5bf.html]
[www.bancopichincha.com.co/web/corporativo/solicitud-de-producto90cc.html]
[www.bancopichincha.com.co/web/corporativo/programas-del-gobierno.html]
[www.bancopichincha.com.co/web/corporativo/linea-etica5d3e.html]
[www.bancopichincha.com.co/web/corporativo/preguntas-frecuentes-paef.html]
[www.bancopichincha.com.co/web/corporativo/preguntas-frecuentes-aeap.html]
[www.bancopichincha.com.co/web/personas/ley-habeas-data.html]
[www.bancopichincha.com.co/web/personas/adquirencia.html]
[www.bancopichincha.com.co/web/corporativo/linea-etica09b7.html]
[www.bancopichincha.com.co/web/personas/polizas-colectivas-autos-deudor.html]
[www.bancopichincha.com.co/web/corporativo/area-clientes7ee9.html]
[www.bancopichincha.com.co/web/personas/credito-vehiculo-comercial.html]
[www.bancopichincha.com.co/web/corporativo/banco-pichincha-hazte-cliente.html]
[www.bancopichincha.com.co/web/corporativo/banco-pichincha-hazte-cliente09b7.html]
[www.bancopichincha.com.co/web/corporativo/banco-pichincha-hazte-clientee540.html]
[www.bancopichincha.com.co/web/corporativo/solicitud-de-productof5bf.html]
[www.bancopichincha.com.co/web/corporativo/linea-etica09b7.html]
[www.bancopichincha.com.co/web/personas/credito-vehiculo-comercial.html]
[www.bancopichincha.com.co/web/corporativo/banco-pichincha-hazte-cliente8362.html]
[www.bancopichincha.com.co/web/corporativo/banco-pichincha-hazte-cliente8362.html]
